     1 00000000 B40E                    mov ah, 0x0e
     2                                  
     3 00000002 B031                    mov al, "1"
     4 00000004 CD10                    int 0x10
     5 00000006 B0[26]                  mov al, secret_key
     6 00000008 CD10                    int 0x10
     7                                  
     8 0000000A B032                    mov al, "2"
     9 0000000C CD10                    int 0x10
    10 0000000E A0[2600]                mov al, [secret_key]
    11 00000011 CD10                    int 0x10
    12                                  
    13 00000013 B033                    mov al, "3"
    14 00000015 CD10                    int 0x10
    15 00000017 B0[26]                  mov al, secret_key + 0x7C00
    16 00000019 CD10                    int 0x10
    17                                  
    18 0000001B B034                    mov al, "4"
    19 0000001D CD10                    int 0x10
    20 0000001F A0267C                  mov al, [0x26 + 0x7C00]
    21 00000022 CD10                    int 0x10
    22                                  
    23 00000024 EBFE                    jmp $
    24                                  
    25                                  secret_key:
    26 00000026 58                          db "X"
    27                                  
    28 00000027 00<rep 1D7h>            times 510 - ($-$$) db 0
    29 000001FE 55AA                    dw 0xaa55
